Archive member included to satisfy reference by file (symbol)

C:/ST/STM32CubeIDE_1.13.2/STM32CubeIDE/plugins/com.st.stm32cube.ide.mcu.externaltools.gnu-tools-for-stm32.12.3.rel1.win32_1.0.100.202403111256/tools/bin/../lib/gcc/arm-none-eabi/12.3.1/../../../../arm-none-eabi/lib/thumb/v7e-m+fp/hard\libc_nano.a(libc_a-exit.o)
                              C:/ST/STM32CubeIDE_1.13.2/STM32CubeIDE/plugins/com.st.stm32cube.ide.mcu.externaltools.gnu-tools-for-stm32.12.3.rel1.win32_1.0.100.202403111256/tools/bin/../lib/gcc/arm-none-eabi/12.3.1/../../../../arm-none-eabi/lib/thumb/v7e-m+fp/hard/crt0.o (exit)
C:/ST/STM32CubeIDE_1.13.2/STM32CubeIDE/plugins/com.st.stm32cube.ide.mcu.externaltools.gnu-tools-for-stm32.12.3.rel1.win32_1.0.100.202403111256/tools/bin/../lib/gcc/arm-none-eabi/12.3.1/../../../../arm-none-eabi/lib/thumb/v7e-m+fp/hard\libc_nano.a(libc_a-findfp.o)
                              C:/ST/STM32CubeIDE_1.13.2/STM32CubeIDE/plugins/com.st.stm32cube.ide.mcu.externaltools.gnu-tools-for-stm32.12.3.rel1.win32_1.0.100.202403111256/tools/bin/../lib/gcc/arm-none-eabi/12.3.1/../../../../arm-none-eabi/lib/thumb/v7e-m+fp/hard\libc_nano.a(libc_a-exit.o) (__stdio_exit_handler)
C:/ST/STM32CubeIDE_1.13.2/STM32CubeIDE/plugins/com.st.stm32cube.ide.mcu.externaltools.gnu-tools-for-stm32.12.3.rel1.win32_1.0.100.202403111256/tools/bin/../lib/gcc/arm-none-eabi/12.3.1/../../../../arm-none-eabi/lib/thumb/v7e-m+fp/hard\libc_nano.a(libc_a-fwalk.o)
                              C:/ST/STM32CubeIDE_1.13.2/STM32CubeIDE/plugins/com.st.stm32cube.ide.mcu.externaltools.gnu-tools-for-stm32.12.3.rel1.win32_1.0.100.202403111256/tools/bin/../lib/gcc/arm-none-eabi/12.3.1/../../../../arm-none-eabi/lib/thumb/v7e-m+fp/hard\libc_nano.a(libc_a-findfp.o) (_fwalk_sglue)
C:/ST/STM32CubeIDE_1.13.2/STM32CubeIDE/plugins/com.st.stm32cube.ide.mcu.externaltools.gnu-tools-for-stm32.12.3.rel1.win32_1.0.100.202403111256/tools/bin/../lib/gcc/arm-none-eabi/12.3.1/../../../../arm-none-eabi/lib/thumb/v7e-m+fp/hard\libc_nano.a(libc_a-stdio.o)
                              C:/ST/STM32CubeIDE_1.13.2/STM32CubeIDE/plugins/com.st.stm32cube.ide.mcu.externaltools.gnu-tools-for-stm32.12.3.rel1.win32_1.0.100.202403111256/tools/bin/../lib/gcc/arm-none-eabi/12.3.1/../../../../arm-none-eabi/lib/thumb/v7e-m+fp/hard\libc_nano.a(libc_a-findfp.o) (__sread)
C:/ST/STM32CubeIDE_1.13.2/STM32CubeIDE/plugins/com.st.stm32cube.ide.mcu.externaltools.gnu-tools-for-stm32.12.3.rel1.win32_1.0.100.202403111256/tools/bin/../lib/gcc/arm-none-eabi/12.3.1/../../../../arm-none-eabi/lib/thumb/v7e-m+fp/hard\libc_nano.a(libc_a-memset.o)
                              C:/ST/STM32CubeIDE_1.13.2/STM32CubeIDE/plugins/com.st.stm32cube.ide.mcu.externaltools.gnu-tools-for-stm32.12.3.rel1.win32_1.0.100.202403111256/tools/bin/../lib/gcc/arm-none-eabi/12.3.1/../../../../arm-none-eabi/lib/thumb/v7e-m+fp/hard/crt0.o (memset)
C:/ST/STM32CubeIDE_1.13.2/STM32CubeIDE/plugins/com.st.stm32cube.ide.mcu.externaltools.gnu-tools-for-stm32.12.3.rel1.win32_1.0.100.202403111256/tools/bin/../lib/gcc/arm-none-eabi/12.3.1/../../../../arm-none-eabi/lib/thumb/v7e-m+fp/hard\libc_nano.a(libc_a-closer.o)
                              C:/ST/STM32CubeIDE_1.13.2/STM32CubeIDE/plugins/com.st.stm32cube.ide.mcu.externaltools.gnu-tools-for-stm32.12.3.rel1.win32_1.0.100.202403111256/tools/bin/../lib/gcc/arm-none-eabi/12.3.1/../../../../arm-none-eabi/lib/thumb/v7e-m+fp/hard\libc_nano.a(libc_a-stdio.o) (_close_r)
C:/ST/STM32CubeIDE_1.13.2/STM32CubeIDE/plugins/com.st.stm32cube.ide.mcu.externaltools.gnu-tools-for-stm32.12.3.rel1.win32_1.0.100.202403111256/tools/bin/../lib/gcc/arm-none-eabi/12.3.1/../../../../arm-none-eabi/lib/thumb/v7e-m+fp/hard\libc_nano.a(libc_a-reent.o)
                              C:/ST/STM32CubeIDE_1.13.2/STM32CubeIDE/plugins/com.st.stm32cube.ide.mcu.externaltools.gnu-tools-for-stm32.12.3.rel1.win32_1.0.100.202403111256/tools/bin/../lib/gcc/arm-none-eabi/12.3.1/../../../../arm-none-eabi/lib/thumb/v7e-m+fp/hard\libc_nano.a(libc_a-closer.o) (errno)
C:/ST/STM32CubeIDE_1.13.2/STM32CubeIDE/plugins/com.st.stm32cube.ide.mcu.externaltools.gnu-tools-for-stm32.12.3.rel1.win32_1.0.100.202403111256/tools/bin/../lib/gcc/arm-none-eabi/12.3.1/../../../../arm-none-eabi/lib/thumb/v7e-m+fp/hard\libc_nano.a(libc_a-impure.o)
                              C:/ST/STM32CubeIDE_1.13.2/STM32CubeIDE/plugins/com.st.stm32cube.ide.mcu.externaltools.gnu-tools-for-stm32.12.3.rel1.win32_1.0.100.202403111256/tools/bin/../lib/gcc/arm-none-eabi/12.3.1/../../../../arm-none-eabi/lib/thumb/v7e-m+fp/hard\libc_nano.a(libc_a-reent.o) (_impure_ptr)
C:/ST/STM32CubeIDE_1.13.2/STM32CubeIDE/plugins/com.st.stm32cube.ide.mcu.externaltools.gnu-tools-for-stm32.12.3.rel1.win32_1.0.100.202403111256/tools/bin/../lib/gcc/arm-none-eabi/12.3.1/../../../../arm-none-eabi/lib/thumb/v7e-m+fp/hard\libc_nano.a(libc_a-lseekr.o)
[...]
Memory Configuration

Name             Origin             Length             Attributes
CCMRAM           0x10000000         0x00004000         xrw
RAM              0x20000000         0x00010000         xrw
FLASH            0x08000000         0x00080000         xr
*default*        0x00000000         0xffffffff

Linker script and memory map

LOAD C:/ST/STM32CubeIDE_1.13.2/STM32CubeIDE/plugins/com.st.stm32cube.ide.mcu.externaltools.gnu-tools-for-stm32.12.3.rel1.win32_1.0.100.202403111256/tools/bin/../lib/gcc/arm-none-eabi/12.3.1/thumb/v7e-m+fp/hard/crti.o
LOAD C:/ST/STM32CubeIDE_1.13.2/STM32CubeIDE/plugins/com.st.stm32cube.ide.mcu.externaltools.gnu-tools-for-stm32.12.3.rel1.win32_1.0.100.202403111256/tools/bin/../lib/gcc/arm-none-eabi/12.3.1/thumb/v7e-m+fp/hard/crtbegin.o
LOAD C:/ST/STM32CubeIDE_1.13.2/STM32CubeIDE/plugins/com.st.stm32cube.ide.mcu.externaltools.gnu-tools-for-stm32.12.3.rel1.win32_1.0.100.202403111256/tools/bin/../lib/gcc/arm-none-eabi/12.3.1/../../../../arm-none-eabi/lib/thumb/v7e-m+fp/hard/crt0.o
LOAD ./Common/Src/motors.o
LOAD ./Core/Src/gpio.o
LOAD ./Core/Src/main.o
LOAD ./Core/Src/stm32f3xx_hal_msp.o
LOAD ./Core/Src/stm32f3xx_it.o
LOAD ./Core/Src/syscalls.o
LOAD ./Core/Src/sysmem.o
LOAD ./Core/Src/system_stm32f3xx.o
LOAD ./Core/Src/tim.o
LOAD ./Core/Src/usart.o
LOAD ./Core/Startup/startup_stm32f303retx.o
LOAD ./Drivers/STM32F3xx_HAL_Driver/Src/stm32f3xx_hal.o
LOAD ./Drivers/STM32F3xx_HAL_Driver/Src/stm32f3xx_hal_cortex.o
LOAD ./Drivers/STM32F3xx_HAL_Driver/Src/stm32f3xx_hal_dma.o
LOAD ./Drivers/STM32F3xx_HAL_Driver/Src/stm32f3xx_hal_exti.o
LOAD ./Drivers/STM32F3xx_HAL_Driver/Src/stm32f3xx_hal_flash.o
LOAD ./Drivers/STM32F3xx_HAL_Driver/Src/stm32f3xx_hal_flash_ex.o
LOAD ./Drivers/STM32F3xx_HAL_Driver/Src/stm32f3xx_hal_gpio.o
LOAD ./Drivers/STM32F3xx_HAL_Driver/Src/stm32f3xx_hal_i2c.o
LOAD ./Drivers/STM32F3xx_HAL_Driver/Src/stm32f3xx_hal_i2c_ex.o
LOAD ./Drivers/STM32F3xx_HAL_Driver/Src/stm32f3xx_hal_pwr.o
LOAD ./Drivers/STM32F3xx_HAL_Driver/Src/stm32f3xx_hal_pwr_ex.o
LOAD ./Drivers/STM32F3xx_HAL_Driver/Src/stm32f3xx_hal_rcc.o
LOAD ./Drivers/STM32F3xx_HAL_Driver/Src/stm32f3xx_hal_rcc_ex.o
LOAD ./Drivers/STM32F3xx_HAL_Driver/Src/stm32f3xx_hal_tim.o
LOAD ./Drivers/STM32F3xx_HAL_Driver/Src/stm32f3xx_hal_tim_ex.o
LOAD ./Drivers/STM32F3xx_HAL_Driver/Src/stm32f3xx_hal_uart.o
LOAD ./Drivers/STM32F3xx_HAL_Driver/Src/stm32f3xx_hal_uart_ex.o
START GROUP
LOAD C:/ST/STM32CubeIDE_1.13.2/STM32CubeIDE/plugins/com.st.stm32cube.ide.mcu.externaltools.gnu-tools-for-stm32.12.3.rel1.win32_1.0.100.202403111256/tools/bin/../lib/gcc/arm-none-eabi/12.3.1/../../../../arm-none-eabi/lib/thumb/v7e-m+fp/hard\libc_nano.a
LOAD C:/ST/STM32CubeIDE_1.13.2/STM32CubeIDE/plugins/com.st.stm32cube.ide.mcu.externaltools.gnu-tools-for-stm32.12.3.rel1.win32_1.0.100.202403111256/tools/bin/../lib/gcc/arm-none-eabi/12.3.1/../../../../arm-none-eabi/lib/thumb/v7e-m+fp/hard\libm.a
END GROUP
START GROUP
LOAD C:/ST/STM32CubeIDE_1.13.2/STM32CubeIDE/plugins/com.st.stm32cube.ide.mcu.externaltools.gnu-tools-for-stm32.12.3.rel1.win32_1.0.100.202403111256/tools/bin/../lib/gcc/arm-none-eabi/12.3.1/thumb/v7e-m+fp/hard\libgcc.a
LOAD C:/ST/STM32CubeIDE_1.13.2/STM32CubeIDE/plugins/com.st.stm32cube.ide.mcu.externaltools.gnu-tools-for-stm32.12.3.rel1.win32_1.0.100.202403111256/tools/bin/../lib/gcc/arm-none-eabi/12.3.1/../../../../arm-none-eabi/lib/thumb/v7e-m+fp/hard\libc_nano.a
END GROUP
START GROUP
LOAD C:/ST/STM32CubeIDE_1.13.2/STM32CubeIDE/plugins/com.st.stm32cube.ide.mcu.externaltools.gnu-tools-for-stm32.12.3.rel1.win32_1.0.100.202403111256/tools/bin/../lib/gcc/arm-none-eabi/12.3.1/thumb/v7e-m+fp/hard\libgcc.a
LOAD C:/ST/STM32CubeIDE_1.13.2/STM32CubeIDE/plugins/com.st.stm32cube.ide.mcu.externaltools.gnu-tools-for-stm32.12.3.rel1.win32_1.0.100.202403111256/tools/bin/../lib/gcc/arm-none-eabi/12.3.1/../../../../arm-none-eabi/lib/thumb/v7e-m+fp/hard\libc_nano.a
LOAD C:/ST/STM32CubeIDE_1.13.2/STM32CubeIDE/plugins/com.st.stm32cube.ide.mcu.externaltools.gnu-tools-for-stm32.12.3.rel1.win32_1.0.100.202403111256/tools/bin/../lib/gcc/arm-none-eabi/12.3.1/../../../../arm-none-eabi/lib/thumb/v7e-m+fp/hard\libnosys.a
END GROUP
START GROUP
LOAD C:/ST/STM32CubeIDE_1.13.2/STM32CubeIDE/plugins/com.st.stm32cube.ide.mcu.externaltools.gnu-tools-for-stm32.12.3.rel1.win32_1.0.100.202403111256/tools/bin/../lib/gcc/arm-none-eabi/12.3.1/thumb/v7e-m+fp/hard\libgcc.a
LOAD C:/ST/STM32CubeIDE_1.13.2/STM32CubeIDE/plugins/com.st.stm32cube.ide.mcu.externaltools.gnu-tools-for-stm32.12.3.rel1.win32_1.0.100.202403111256/tools/bin/../lib/gcc/arm-none-eabi/12.3.1/../../../../arm-none-eabi/lib/thumb/v7e-m+fp/hard\libc_nano.a
LOAD C:/ST/STM32CubeIDE_1.13.2/STM32CubeIDE/plugins/com.st.stm32cube.ide.mcu.externaltools.gnu-tools-for-stm32.12.3.rel1.win32_1.0.100.202403111256/tools/bin/../lib/gcc/arm-none-eabi/12.3.1/../../../../arm-none-eabi/lib/thumb/v7e-m+fp/hard\libnosys.a
END GROUP
LOAD C:/ST/STM32CubeIDE_1.13.2/STM32CubeIDE/plugins/com.st.stm32cube.ide.mcu.externaltools.gnu-tools-for-stm32.12.3.rel1.win32_1.0.100.202403111256/tools/bin/../lib/gcc/arm-none-eabi/12.3.1/thumb/v7e-m+fp/hard/crtend.o
LOAD C:/ST/STM32CubeIDE_1.13.2/STM32CubeIDE/plugins/com.st.stm32cube.ide.mcu.externaltools.gnu-tools-for-stm32.12.3.rel1.win32_1.0.100.202403111256/tools/bin/../lib/gcc/arm-none-eabi/12.3.1/thumb/v7e-m+fp/hard/crtn.o
                0x20010000                        _estack = (ORIGIN (RAM) + LENGTH (RAM))
                0x00000200                        _Min_Heap_Size = 0x200
                0x00000400                        _Min_Stack_Size = 0x400

.isr_vector     0x08000000      0x194
                0x08000000                        . = ALIGN (0x4)
 *(.isr_vector)
 .isr_vector    0x08000000      0x194 ./Core/Startup/startup_stm32f303retx.o
                0x08000000                g_pfnVectors
                0x08000194                        . = ALIGN (0x4)

.text           0x08000194     0x5a04
                0x08000194                        . = ALIGN (0x4)
 *(.text)
 .text          0x08000194       0x40 C:/ST/STM32CubeIDE_1.13.2/STM32CubeIDE/plugins/com.st.stm32cube.ide.mcu.externaltools.gnu-tools-for-stm32.12.3.rel1.win32_1.0.100.202403111256/tools/bin/../lib/gcc/arm-none-eabi/12.3.1/thumb/v7e-m+fp/hard/crtbegin.o
 *(.text*)
 .text.moveMotor
                0x080001d4       0x76 ./Common/Src/motors.o
                0x080001d4                moveMotor
 .text.clamp    0x0800024a       0x32 ./Common/Src/motors.o
                0x0800024a                clamp
 .text.MX_GPIO_Init
                0x0800027c      0x134 ./Core/Src/gpio.o
                0x0800027c                MX_GPIO_Init
 .text.main     0x080003b0      0x1f4 ./Core/Src/main.o
                0x080003b0                main
 .text.SystemClock_Config
                0x080005a4       0xd4 ./Core/Src/main.o
                0x080005a4                SystemClock_Config
 .text.HAL_UART_RxCpltCallback
                0x08000678       0x1a ./Core/Src/main.o
                0x08000678                HAL_UART_RxCpltCallback
 *fill*         0x08000692        0x2 
 .text.HAL_GPIO_EXTI_Callback
                0x08000694      0x1ac ./Core/Src/main.o
                0x08000694                HAL_GPIO_EXTI_Callback
 .text.Error_Handler
                0x08000840        0xc ./Core/Src/main.o
                0x08000840                Error_Handler
 .text.HAL_MspInit
                0x0800084c       0x48 ./Core/Src/stm32f3xx_hal_msp.o
                0x0800084c                HAL_MspInit
 .text.NMI_Handler
                0x08000894        0x8 ./Core/Src/stm32f3xx_it.o
                0x08000894                NMI_Handler
 .text.HardFault_Handler
                0x0800089c        0x8 ./Core/Src/stm32f3xx_it.o
                0x0800089c                HardFault_Handler
 .text.MemManage_Handler
                0x080008a4        0x8 ./Core/Src/stm32f3xx_it.o
                0x080008a4                MemManage_Handler
 .text.BusFault_Handler
                0x080008ac        0x8 ./Core/Src/stm32f3xx_it.o
                0x080008ac                BusFault_Handler
 .text.UsageFault_Handler
                0x080008b4        0x8 ./Core/Src/stm32f3xx_it.o
                0x080008b4                UsageFault_Handler
 .text.SVC_Handler
                0x080008bc        0xe ./Core/Src/stm32f3xx_it.o
                0x080008bc                SVC_Handler
 .text.DebugMon_Handler
                0x080008ca        0xe ./Core/Src/stm32f3xx_it.o
                0x080008ca                DebugMon_Handler
 .text.PendSV_Handler
                0x080008d8        0xe ./Core/Src/stm32f3xx_it.o
                0x080008d8                PendSV_Handler
 .text.SysTick_Handler
                0x080008e6        0xc ./Core/Src/stm32f3xx_it.o
                0x080008e6                SysTick_Handler
 *fill*         0x080008f2        0x2 
 .text.TIM1_BRK_TIM15_IRQHandler
                0x080008f4       0x14 ./Core/Src/stm32f3xx_it.o
                0x080008f4                TIM1_BRK_TIM15_IRQHandler
 .text.TIM1_UP_TIM16_IRQHandler
                0x08000908       0x14 ./Core/Src/stm32f3xx_it.o
                0x08000908                TIM1_UP_TIM16_IRQHandler
 .text.TIM2_IRQHandler
                0x0800091c       0x14 ./Core/Src/stm32f3xx_it.o
                0x0800091c                TIM2_IRQHandler
 .text.TIM3_IRQHandler
                0x08000930       0x14 ./Core/Src/stm32f3xx_it.o
                0x08000930                TIM3_IRQHandler
 .text.TIM4_IRQHandler
                0x08000944       0x14 ./Core/Src/stm32f3xx_it.o
                0x08000944                TIM4_IRQHandler
 .text.USART1_IRQHandler
                0x08000958       0x14 ./Core/Src/stm32f3xx_it.o
                0x08000958                USART1_IRQHandler
 .text.USART2_IRQHandler
                0x0800096c       0x14 ./Core/Src/stm32f3xx_it.o
                0x0800096c                USART2_IRQHandler
 .text.EXTI15_10_IRQHandler
                0x08000980       0x10 ./Core/Src/stm32f3xx_it.o
                0x08000980                EXTI15_10_IRQHandler
 .text.TIM8_BRK_IRQHandler
                0x08000990       0x14 ./Core/Src/stm32f3xx_it.o
                0x08000990                TIM8_BRK_IRQHandler
 .text.TIM8_UP_IRQHandler
                0x080009a4       0x14 ./Core/Src/stm32f3xx_it.o
                0x080009a4                TIM8_UP_IRQHandler
 .text.SystemInit
                0x080009b8       0x24 ./Core/Src/system_stm32f3xx.o
                0x080009b8                SystemInit
 .text.MX_TIM1_Init
                0x080009dc      0x120 ./Core/Src/tim.o
                0x080009dc                MX_TIM1_Init
 .text.MX_TIM2_Init
                0x08000afc       0xb4 ./Core/Src/tim.o
                0x08000afc                MX_TIM2_Init
 .text.MX_TIM3_Init
                0x08000bb0       0xb4 ./Core/Src/tim.o
                0x08000bb0                MX_TIM3_Init
 .text.MX_TIM4_Init
                0x08000c64       0xb4 ./Core/Src/tim.o
                0x08000c64                MX_TIM4_Init
 .text.MX_TIM8_Init
                0x08000d18      0x120 ./Core/Src/tim.o
                0x08000d18                MX_TIM8_Init
 .text.HAL_TIM_PWM_MspInit
                0x08000e38      0x148 ./Core/Src/tim.o
                0x08000e38                HAL_TIM_PWM_MspInit
 .text.HAL_TIM_MspPostInit
                0x08000f80      0x194 ./Core/Src/tim.o
                0x08000f80                HAL_TIM_MspPostInit
 .text.MX_USART1_UART_Init
                0x08001114       0x60 ./Core/Src/usart.o
                0x08001114                MX_USART1_UART_Init
 .text.MX_USART2_UART_Init
                0x08001174       0x60 ./Core/Src/usart.o
                0x08001174                MX_USART2_UART_Init
 .text.HAL_UART_MspInit
                0x080011d4      0x108 ./Core/Src/usart.o
                0x080011d4                HAL_UART_MspInit
 .text.Reset_Handler
                0x080012dc       0x50 ./Core/Startup/startup_stm32f303retx.o
                0x080012dc                Reset_Handler
 .text.Default_Handler
                0x0800132c        0x2 ./Core/Startup/startup_stm32f303retx.o
                0x0800132c                RTC_Alarm_IRQHandler
                0x0800132c                TIM8_TRG_COM_IRQHandler
                0x0800132c                TIM8_CC_IRQHandler
                0x0800132c                SPI4_IRQHandler
                0x0800132c                TIM1_CC_IRQHandler
                0x0800132c                USB_HP_IRQHandler
                0x0800132c                PVD_IRQHandler
                0x0800132c                TAMP_STAMP_IRQHandler
                0x0800132c                EXTI3_IRQHandler
                0x0800132c                I2C3_ER_IRQHandler
                0x0800132c                USB_HP_CAN_TX_IRQHandler
                0x0800132c                EXTI0_IRQHandler
                0x0800132c                I2C2_EV_IRQHandler
                0x0800132c                FPU_IRQHandler
                0x0800132c                ADC1_2_IRQHandler
                0x0800132c                SPI1_IRQHandler
                0x0800132c                CAN_SCE_IRQHandler
                0x0800132c                TIM6_DAC_IRQHandler
                0x0800132c                DMA2_Channel2_IRQHandler
                0x0800132c                DMA1_Channel4_IRQHandler
                0x0800132c                TIM20_TRG_COM_IRQHandler
                0x0800132c                USART3_IRQHandler
                0x0800132c                DMA1_Channel7_IRQHandler
                0x0800132c                UART5_IRQHandler
                0x0800132c                ADC3_IRQHandler
                0x0800132c                CAN_RX1_IRQHandler
                0x0800132c                DMA2_Channel1_IRQHandler
                0x0800132c                I2C1_EV_IRQHandler
                0x0800132c                DMA1_Channel6_IRQHandler
                0x0800132c                UART4_IRQHandler
                0x0800132c                DMA2_Channel4_IRQHandler
                0x0800132c                RCC_IRQHandler
                0x0800132c                TIM20_UP_IRQHandler
                0x0800132c                DMA1_Channel1_IRQHandler
                0x0800132c                Default_Handler
                0x0800132c                USBWakeUp_RMP_IRQHandler
                0x0800132c                TIM7_IRQHandler
                0x0800132c                I2C3_EV_IRQHandler
                0x0800132c                EXTI9_5_IRQHandler
                0x0800132c                RTC_WKUP_IRQHandler
                0x0800132c                SPI2_IRQHandler
                0x0800132c                USB_LP_CAN_RX0_IRQHandler
                0x0800132c                DMA2_Channel5_IRQHandler
                0x0800132c                DMA1_Channel5_IRQHandler
                0x0800132c                USB_LP_IRQHandler
                0x0800132c                EXTI4_IRQHandler
                0x0800132c                TIM1_TRG_COM_TIM17_IRQHandler
                0x0800132c                DMA1_Channel3_IRQHandler
                0x0800132c                ADC4_IRQHandler
                0x0800132c                WWDG_IRQHandler
                0x0800132c                COMP7_IRQHandler
                0x0800132c                COMP1_2_3_IRQHandler
                0x0800132c                EXTI1_IRQHandler
                0x0800132c                COMP4_5_6_IRQHandler
                0x0800132c                TIM20_BRK_IRQHandler
                0x0800132c                I2C2_ER_IRQHandler
                0x0800132c                DMA1_Channel2_IRQHandler
                0x0800132c                FLASH_IRQHandler
                0x0800132c                TIM20_CC_IRQHandler
                0x0800132c                SPI3_IRQHandler
                0x0800132c                I2C1_ER_IRQHandler
                0x0800132c                FMC_IRQHandler
                0x0800132c                USBWakeUp_IRQHandler
                0x0800132c                DMA2_Channel3_IRQHandler
                0x0800132c                EXTI2_TSC_IRQHandler
 *fill*         0x0800132e        0x2 
 .text.HAL_Init
                0x08001330       0x2c ./Drivers/STM32F3xx_HAL_Driver/Src/stm32f3xx_hal.o
                0x08001330                HAL_Init
 .text.HAL_InitTick
                0x0800135c       0x60 ./Drivers/STM32F3xx_HAL_Driver/Src/stm32f3xx_hal.o
                0x0800135c                HAL_InitTick
 .text.HAL_IncTick
                0x080013bc       0x28 ./Drivers/STM32F3xx_HAL_Driver/Src/stm32f3xx_hal.o
                0x080013bc                HAL_IncTick
 .text.HAL_GetTick
                0x080013e4       0x18 ./Drivers/STM32F3xx_HAL_Driver/Src/stm32f3xx_hal.o
                0x080013e4                HAL_GetTick
 .text.HAL_Delay
                0x080013fc       0x48 ./Drivers/STM32F3xx_HAL_Driver/Src/stm32f3xx_hal.o
                0x080013fc                HAL_Delay
 .text.__NVIC_SetPriorityGrouping
                0x08001444       0x48 ./Drivers/STM32F3xx_HAL_Driver/Src/stm32f3xx_hal_cortex.o
 .text.__NVIC_GetPriorityGrouping
                0x0800148c       0x1c ./Drivers/STM32F3xx_HAL_Driver/Src/stm32f3xx_hal_cortex.o
 .text.__NVIC_EnableIRQ
                0x080014a8       0x3c ./Drivers/STM32F3xx_HAL_Driver/Src/stm32f3xx_hal_cortex.o
 .text.__NVIC_SetPriority
                0x080014e4       0x54 ./Drivers/STM32F3xx_HAL_Driver/Src/stm32f3xx_hal_cortex.o
 .text.NVIC_EncodePriority
                0x08001538       0x66 ./Drivers/STM32F3xx_HAL_Driver/Src/stm32f3xx_hal_cortex.o
 *fill*         0x0800159e        0x2 
 .text.SysTick_Config
                0x080015a0       0x44 ./Drivers/STM32F3xx_HAL_Driver/Src/stm32f3xx_hal_cortex.o
 .text.HAL_NVIC_SetPriorityGrouping
                0x080015e4       0x16 ./Drivers/STM32F3xx_HAL_Driver/Src/stm32f3xx_hal_cortex.o
                0x080015e4                HAL_NVIC_SetPriorityGrouping
 .text.HAL_NVIC_SetPriority
                0x080015fa       0x38 ./Drivers/STM32F3xx_HAL_Driver/Src/stm32f3xx_hal_cortex.o
                0x080015fa                HAL_NVIC_SetPriority
 .text.HAL_NVIC_EnableIRQ
                0x08001632       0x1c ./Drivers/STM32F3xx_HAL_Driver/Src/stm32f3xx_hal_cortex.o
                0x08001632                HAL_NVIC_EnableIRQ
 .text.HAL_SYSTICK_Config
                0x0800164e       0x18 ./Drivers/STM32F3xx_HAL_Driver/Src/stm32f3xx_hal_cortex.o
                0x0800164e                HAL_SYSTICK_Config
 .text.HAL_DMA_Abort
                0x08001666       0x72 ./Drivers/STM32F3xx_HAL_Driver/Src/stm32f3xx_hal_dma.o
                0x08001666                HAL_DMA_Abort
 .text.HAL_DMA_Abort_IT
                0x080016d8       0x7c ./Drivers/STM32F3xx_HAL_Driver/Src/stm32f3xx_hal_dma.o
                0x080016d8                HAL_DMA_Abort_IT
 .text.HAL_GPIO_Init
                0x08001754      0x314 ./Drivers/STM32F3xx_HAL_Driver/Src/stm32f3xx_hal_gpio.o
                0x08001754                HAL_GPIO_Init
 .text.HAL_GPIO_WritePin
                0x08001a68       0x30 ./Drivers/STM32F3xx_HAL_Driver/Src/stm32f3xx_hal_gpio.o
                0x08001a68                HAL_GPIO_WritePin
 .text.HAL_GPIO_TogglePin
                0x08001a98       0x34 ./Drivers/STM32F3xx_HAL_Driver/Src/stm32f3xx_hal_gpio.o
                0x08001a98                HAL_GPIO_TogglePin
 .text.HAL_GPIO_EXTI_IRQHandler
                0x08001acc       0x30 ./Drivers/STM32F3xx_HAL_Driver/Src/stm32f3xx_hal_gpio.o
                0x08001acc                HAL_GPIO_EXTI_IRQHandler
 .text.HAL_RCC_OscConfig
                0x08001afc     0x10a8 ./Drivers/STM32F3xx_HAL_Driver/Src/stm32f3xx_hal_rcc.o
                0x08001afc                HAL_RCC_OscConfig
 .text.HAL_RCC_ClockConfig
                0x08002ba4      0x2f8 ./Drivers/STM32F3xx_HAL_Driver/Src/stm32f3xx_hal_rcc.o
                0x08002ba4                HAL_RCC_ClockConfig
 .text.HAL_RCC_GetSysClockFreq
                0x08002e9c       0xd4 ./Drivers/STM32F3xx_HAL_Driver/Src/stm32f3xx_hal_rcc.o
                0x08002e9c                HAL_RCC_GetSysClockFreq
 .text.HAL_RCC_GetHCLKFreq
                0x08002f70       0x18 ./Drivers/STM32F3xx_HAL_Driver/Src/stm32f3xx_hal_rcc.o
                0x08002f70                HAL_RCC_GetHCLKFreq
 .text.HAL_RCC_GetPCLK1Freq
                0x08002f88       0x44 ./Drivers/STM32F3xx_HAL_Driver/Src/stm32f3xx_hal_rcc.o
                0x08002f88                HAL_RCC_GetPCLK1Freq
 .text.HAL_RCC_GetPCLK2Freq
                0x08002fcc       0x44 ./Drivers/STM32F3xx_HAL_Driver/Src/stm32f3xx_hal_rcc.o
                0x08002fcc                HAL_RCC_GetPCLK2Freq
 .text.HAL_RCCEx_PeriphCLKConfig
                0x08003010      0x43c ./Drivers/STM32F3xx_HAL_Driver/Src/stm32f3xx_hal_rcc_ex.o
                0x08003010                HAL_RCCEx_PeriphCLKConfig
 .text.HAL_TIM_Base_Start_IT
                0x0800344c       0xe0 ./Drivers/STM32F3xx_HAL_Driver/Src/stm32f3xx_hal_tim.o
                0x0800344c                HAL_TIM_Base_Start_IT
 .text.HAL_TIM_PWM_Init
                0x0800352c       0xae ./Drivers/STM32F3xx_HAL_Driver/Src/stm32f3xx_hal_tim.o
                0x0800352c                HAL_TIM_PWM_Init
 *fill*         0x080035da        0x2 
 .text.HAL_TIM_PWM_Start
                0x080035dc      0x218 ./Drivers/STM32F3xx_HAL_Driver/Src/stm32f3xx_hal_tim.o
                0x080035dc                HAL_TIM_PWM_Start
 .text.HAL_TIM_IRQHandler
                0x080037f4      0x23e ./Drivers/STM32F3xx_HAL_Driver/Src/stm32f3xx_hal_tim.o
                0x080037f4                HAL_TIM_IRQHandler
 *fill*         0x08003a32        0x2 
 .text.HAL_TIM_PWM_ConfigChannel
                0x08003a34      0x228 ./Drivers/STM32F3xx_HAL_Driver/Src/stm32f3xx_hal_tim.o
                0x08003a34                HAL_TIM_PWM_ConfigChannel
 .text.HAL_TIM_PeriodElapsedCallback
                0x08003c5c       0x14 ./Drivers/STM32F3xx_HAL_Driver/Src/stm32f3xx_hal_tim.o
                0x08003c5c                HAL_TIM_PeriodElapsedCallback
 .text.HAL_TIM_OC_DelayElapsedCallback
                0x08003c70       0x14 ./Drivers/STM32F3xx_HAL_Driver/Src/stm32f3xx_hal_tim.o
                0x08003c70                HAL_TIM_OC_DelayElapsedCallback
 .text.HAL_TIM_IC_CaptureCallback
                0x08003c84       0x14 ./Drivers/STM32F3xx_HAL_Driver/Src/stm32f3xx_hal_tim.o
                0x08003c84                HAL_TIM_IC_CaptureCallback
 .text.HAL_TIM_PWM_PulseFinishedCallback
                0x08003c98       0x14 ./Drivers/STM32F3xx_HAL_Driver/Src/stm32f3xx_hal_tim.o
                0x08003c98                HAL_TIM_PWM_PulseFinishedCallback
 .text.HAL_TIM_TriggerCallback
                0x08003cac       0x14 ./Drivers/STM32F3xx_HAL_Driver/Src/stm32f3xx_hal_tim.o
                0x08003cac                HAL_TIM_TriggerCallback
 .text.TIM_Base_SetConfig
                0x08003cc0      0x13c ./Drivers/STM32F3xx_HAL_Driver/Src/stm32f3xx_hal_tim.o
                0x08003cc0                TIM_Base_SetConfig
 .text.TIM_OC1_SetConfig
                0x08003dfc      0x134 ./Drivers/STM32F3xx_HAL_Driver/Src/stm32f3xx_hal_tim.o
 .text.TIM_OC2_SetConfig
                0x08003f30      0x128 ./Drivers/STM32F3xx_HAL_Driver/Src/stm32f3xx_hal_tim.o
                0x08003f30                TIM_OC2_SetConfig
 .text.TIM_OC3_SetConfig
                0x08004058      0x124 ./Drivers/STM32F3xx_HAL_Driver/Src/stm32f3xx_hal_tim.o
 .text.TIM_OC4_SetConfig
                0x0800417c       0xe0 ./Drivers/STM32F3xx_HAL_Driver/Src/stm32f3xx_hal_tim.o
 .text.TIM_OC5_SetConfig
                0x0800425c       0xd4 ./Drivers/STM32F3xx_HAL_Driver/Src/stm32f3xx_hal_tim.o
 .text.TIM_OC6_SetConfig
                0x08004330       0xd8 ./Drivers/STM32F3xx_HAL_Driver/Src/stm32f3xx_hal_tim.o
 .text.TIM_CCxChannelCmd
                0x08004408       0x4a ./Drivers/STM32F3xx_HAL_Driver/Src/stm32f3xx_hal_tim.o
                0x08004408                TIM_CCxChannelCmd
 *fill*         0x08004452        0x2 
 .text.HAL_TIMEx_MasterConfigSynchronization
                0x08004454      0x118 ./Drivers/STM32F3xx_HAL_Driver/Src/stm32f3xx_hal_tim_ex.o
                0x08004454                HAL_TIMEx_MasterConfigSynchronization
 .text.HAL_TIMEx_ConfigBreakDeadTime
                0x0800456c      0x10c ./Drivers/STM32F3xx_HAL_Driver/Src/stm32f3xx_hal_tim_ex.o
                0x0800456c                HAL_TIMEx_ConfigBreakDeadTime
 .text.HAL_TIMEx_CommutCallback
                0x08004678       0x14 ./Drivers/STM32F3xx_HAL_Driver/Src/stm32f3xx_hal_tim_ex.o
                0x08004678                HAL_TIMEx_CommutCallback
 .text.HAL_TIMEx_BreakCallback
                0x0800468c       0x14 ./Drivers/STM32F3xx_HAL_Driver/Src/stm32f3xx_hal_tim_ex.o
                0x0800468c                HAL_TIMEx_BreakCallback
 .text.HAL_TIMEx_Break2Callback
                0x080046a0       0x14 ./Drivers/STM32F3xx_HAL_Driver/Src/stm32f3xx_hal_tim_ex.o
                0x080046a0                HAL_TIMEx_Break2Callback
 .text.HAL_UART_Init
                0x080046b4       0x9c ./Drivers/STM32F3xx_HAL_Driver/Src/stm32f3xx_hal_uart.o
                0x080046b4                HAL_UART_Init
 .text.HAL_UART_Receive_IT
                0x08004750       0x88 ./Drivers/STM32F3xx_HAL_Driver/Src/stm32f3xx_hal_uart.o
                0x08004750                HAL_UART_Receive_IT
 .text.HAL_UART_IRQHandler
                0x080047d8      0x5cc ./Drivers/STM32F3xx_HAL_Driver/Src/stm32f3xx_hal_uart.o
                0x080047d8                HAL_UART_IRQHandler
 .text.HAL_UART_TxCpltCallback
                0x08004da4       0x14 ./Drivers/STM32F3xx_HAL_Driver/Src/stm32f3xx_hal_uart.o
                0x08004da4                HAL_UART_TxCpltCallback
 .text.HAL_UART_ErrorCallback
                0x08004db8       0x14 ./Drivers/STM32F3xx_HAL_Driver/Src/stm32f3xx_hal_uart.o
                0x08004db8                HAL_UART_ErrorCallback
 .text.HAL_UARTEx_RxEventCallback
                0x08004dcc       0x18 ./Drivers/STM32F3xx_HAL_Driver/Src/stm32f3xx_hal_uart.o
                0x08004dcc                HAL_UARTEx_RxEventCallback
 .text.UART_SetConfig
                0x08004de4      0x3a8 ./Drivers/STM32F3xx_HAL_Driver/Src/stm32f3xx_hal_uart.o
                0x08004de4                UART_SetConfig
 .text.UART_AdvFeatureConfig
                0x0800518c      0x144 ./Drivers/STM32F3xx_HAL_Driver/Src/stm32f3xx_hal_uart.o
                0x0800518c                UART_AdvFeatureConfig
 .text.UART_CheckIdleState
                0x080052d0      0x150 ./Drivers/STM32F3xx_HAL_Driver/Src/stm32f3xx_hal_uart.o
                0x080052d0                UART_CheckIdleState
 .text.UART_WaitOnFlagUntilTimeout
                0x08005420       0xce ./Drivers/STM32F3xx_HAL_Driver/Src/stm32f3xx_hal_uart.o
                0x08005420                UART_WaitOnFlagUntilTimeout
 *fill*         0x080054ee        0x2 
 .text.UART_Start_Receive_IT
                0x080054f0      0x18c ./Drivers/STM32F3xx_HAL_Driver/Src/stm32f3xx_hal_uart.o
                0x080054f0                UART_Start_Receive_IT
 .text.UART_EndRxTransfer
                0x0800567c       0xc8 ./Drivers/STM32F3xx_HAL_Driver/Src/stm32f3xx_hal_uart.o
 .text.UART_DMAAbortOnError
                0x08005744       0x2c ./Drivers/STM32F3xx_HAL_Driver/Src/stm32f3xx_hal_uart.o
 .text.UART_EndTransmit_IT
                0x08005770       0x54 ./Drivers/STM32F3xx_HAL_Driver/Src/stm32f3xx_hal_uart.o
 .text.UART_RxISR_8BIT
                0x080057c4      0x1a8 ./Drivers/STM32F3xx_HAL_Driver/Src/stm32f3xx_hal_uart.o
 .text.UART_RxISR_16BIT
                0x0800596c      0x1a8 ./Drivers/STM32F3xx_HAL_Driver/Src/stm32f3xx_hal_uart.o
 .text.HAL_UARTEx_WakeupCallback
                0x08005b14       0x14 ./Drivers/STM32F3xx_HAL_Driver/Src/stm32f3xx_hal_uart_ex.o
                0x08005b14                HAL_UARTEx_WakeupCallback
 .text.memset   0x08005b28       0x10 C:/ST/STM32CubeIDE_1.13.2/STM32CubeIDE/plugins/com.st.stm32cube.ide.mcu.externaltools.gnu-tools-for-stm32.12.3.rel1.win32_1.0.100.202403111256/tools/bin/../lib/gcc/arm-none-eabi/12.3.1/../../../../arm-none-eabi/lib/thumb/v7e-m+fp/hard\libc_nano.a(libc_a-memset.o)
                0x08005b28                memset
 .text.__libc_init_array
                0x08005b38       0x48 C:/ST/STM32CubeIDE_1.13.2/STM32CubeIDE/plugins/com.st.stm32cube.ide.mcu.externaltools.gnu-tools-for-stm32.12.3.rel1.win32_1.0.100.202403111256/tools/bin/../lib/gcc/arm-none-eabi/12.3.1/../../../../arm-none-eabi/lib/thumb/v7e-m+fp/hard\libc_nano.a(libc_a-init.o)
                0x08005b38                __libc_init_array
 *(.glue_7)
 .glue_7        0x08005b80        0x0 linker stubs
 *(.glue_7t)
 .glue_7t       0x08005b80        0x0 linker stubs
 *(.eh_frame)
 .eh_frame      0x08005b80        0x0 C:/ST/STM32CubeIDE_1.13.2/STM32CubeIDE/plugins/com.st.stm32cube.ide.mcu.externaltools.gnu-tools-for-stm32.12.3.rel1.win32_1.0.100.202403111256/tools/bin/../lib/gcc/arm-none-eabi/12.3.1/thumb/v7e-m+fp/hard/crtbegin.o
 *(.init)
 .init          0x08005b80        0x4 C:/ST/STM32CubeIDE_1.13.2/STM32CubeIDE/plugins/com.st.stm32cube.ide.mcu.externaltools.gnu-tools-for-stm32.12.3.rel1.win32_1.0.100.202403111256/tools/bin/../lib/gcc/arm-none-eabi/12.3.1/thumb/v7e-m+fp/hard/crti.o
                0x08005b80                _init
 .init          0x08005b84        0x8 C:/ST/STM32CubeIDE_1.13.2/STM32CubeIDE/plugins/com.st.stm32cube.ide.mcu.externaltools.gnu-tools-for-stm32.12.3.rel1.win32_1.0.100.202403111256/tools/bin/../lib/gcc/arm-none-eabi/12.3.1/thumb/v7e-m+fp/hard/crtn.o
 *(.fini)
 .fini          0x08005b8c        0x4 C:/ST/STM32CubeIDE_1.13.2/STM32CubeIDE/plugins/com.st.stm32cube.ide.mcu.externaltools.gnu-tools-for-stm32.12.3.rel1.win32_1.0.100.202403111256/tools/bin/../lib/gcc/arm-none-eabi/12.3.1/thumb/v7e-m+fp/hard/crti.o
                0x08005b8c                _fini
 .fini          0x08005b90        0x8 C:/ST/STM32CubeIDE_1.13.2/STM32CubeIDE/plugins/com.st.stm32cube.ide.mcu.externaltools.gnu-tools-for-stm32.12.3.rel1.win32_1.0.100.202403111256/tools/bin/../lib/gcc/arm-none-eabi/12.3.1/thumb/v7e-m+fp/hard/crtn.o
                0x08005b98                        . = ALIGN (0x4)
                0x08005b98                        _etext = .

.vfp11_veneer   0x08005b98        0x0
 .vfp11_veneer  0x08005b98        0x0 linker stubs

.v4_bx          0x08005b98        0x0
 .v4_bx         0x08005b98        0x0 linker stubs

.iplt           0x08005b98        0x0
 .iplt          0x08005b98        0x0 C:/ST/STM32CubeIDE_1.13.2/STM32CubeIDE/plugins/com.st.stm32cube.ide.mcu.externaltools.gnu-tools-for-stm32.12.3.rel1.win32_1.0.100.202403111256/tools/bin/../lib/gcc/arm-none-eabi/12.3.1/thumb/v7e-m+fp/hard/crtbegin.o

.rodata         0x08005b98       0x38
                0x08005b98                        . = ALIGN (0x4)
 *(.rodata)
 *(.rodata*)
 .rodata.AHBPrescTable
                0x08005b98       0x10 ./Core/Src/system_stm32f3xx.o
                0x08005b98                AHBPrescTable
 .rodata.APBPrescTable
                0x08005ba8        0x8 ./Core/Src/system_stm32f3xx.o
                0x08005ba8                APBPrescTable
 .rodata.aPLLMULFactorTable
                0x08005bb0       0x10 ./Drivers/STM32F3xx_HAL_Driver/Src/stm32f3xx_hal_rcc.o
 .rodata.aPredivFactorTable
                0x08005bc0       0x10 ./Drivers/STM32F3xx_HAL_Driver/Src/stm32f3xx_hal_rcc.o
                0x08005bd0                        . = ALIGN (0x4)

.rel.dyn        0x08005bd0        0x0
 .rel.iplt      0x08005bd0        0x0 C:/ST/STM32CubeIDE_1.13.2/STM32CubeIDE/plugins/com.st.stm32cube.ide.mcu.externaltools.gnu-tools-for-stm32.12.3.rel1.win32_1.0.100.202403111256/tools/bin/../lib/gcc/arm-none-eabi/12.3.1/thumb/v7e-m+fp/hard/crtbegin.o

.ARM.extab      0x08005bd0        0x0
                0x08005bd0                        . = ALIGN (0x4)
 *(.ARM.extab* .gnu.linkonce.armextab.*)
                0x08005bd0                        . = ALIGN (0x4)

.ARM            0x08005bd0        0x0
                0x08005bd0                        . = ALIGN (0x4)
                0x08005bd0                        __exidx_start = .
 *(.ARM.exidx*)
                0x08005bd0                        __exidx_end = .
                0x08005bd0                        . = ALIGN (0x4)

.preinit_array  0x08005bd0        0x0
                0x08005bd0                        . = ALIGN (0x4)
                0x08005bd0                        PROVIDE (__preinit_array_start = .)
 *(.preinit_array*)
                0x08005bd0                        PROVIDE (__preinit_array_end = .)
                0x08005bd0                        . = ALIGN (0x4)

.init_array     0x08005bd0        0x4
                0x08005bd0                        . = ALIGN (0x4)
                0x08005bd0                        PROVIDE (__init_array_start = .)
 *(SORT_BY_NAME(.init_array.*))
 *(.init_array*)
 .init_array    0x08005bd0        0x4 C:/ST/STM32CubeIDE_1.13.2/STM32CubeIDE/plugins/com.st.stm32cube.ide.mcu.externaltools.gnu-tools-for-stm32.12.3.rel1.win32_1.0.100.202403111256/tools/bin/../lib/gcc/arm-none-eabi/12.3.1/thumb/v7e-m+fp/hard/crtbegin.o
                0x08005bd4                        PROVIDE (__init_array_end = .)
                0x08005bd4                        . = ALIGN (0x4)

.fini_array     0x08005bd4        0x4
                0x08005bd4                        . = ALIGN (0x4)
                [!provide]                        PROVIDE (__fini_array_start = .)
 *(SORT_BY_NAME(.fini_array.*))
 *(.fini_array*)
 .fini_array    0x08005bd4        0x4 C:/ST/STM32CubeIDE_1.13.2/STM32CubeIDE/plugins/com.st.stm32cube.ide.mcu.externaltools.gnu-tools-for-stm32.12.3.rel1.win32_1.0.100.202403111256/tools/bin/../lib/gcc/arm-none-eabi/12.3.1/thumb/v7e-m+fp/hard/crtbegin.o
                [!provide]                        PROVIDE (__fini_array_end = .)
                0x08005bd8                        . = ALIGN (0x4)
                0x08005bd8                        _sidata = LOADADDR (.data)

.data           0x20000000       0x6c load address 0x08005bd8
                0x20000000                        . = ALIGN (0x4)
                0x20000000                        _sdata = .
 *(.data)
 *(.data*)
 .data.motor1   0x20000000       0x18 ./Core/Src/main.o
                0x20000000                motor1
 .data.motor2   0x20000018       0x18 ./Core/Src/main.o
                0x20000018                motor2
 .data.motor3   0x20000030       0x18 ./Core/Src/main.o
                0x20000030                motor3
 .data.motor4   0x20000048       0x18 ./Core/Src/main.o
                0x20000048                motor4
 .data.SystemCoreClock
                0x20000060        0x4 ./Core/Src/system_stm32f3xx.o
                0x20000060                SystemCoreClock
 .data.uwTickPrio
                0x20000064        0x4 ./Drivers/STM32F3xx_HAL_Driver/Src/stm32f3xx_hal.o
                0x20000064                uwTickPrio
 .data.uwTickFreq
                0x20000068        0x1 ./Drivers/STM32F3xx_HAL_Driver/Src/stm32f3xx_hal.o
                0x20000068                uwTickFreq
 *(.RamFunc)
 *(.RamFunc*)
                0x2000006c                        . = ALIGN (0x4)
 *fill*         0x20000069        0x3 
                0x2000006c                        _edata = .
                0x08005c44                        _siccmram = LOADADDR (.ccmram)

.igot.plt       0x2000006c        0x0 load address 0x08005c44
 .igot.plt      0x2000006c        0x0 C:/ST/STM32CubeIDE_1.13.2/STM32CubeIDE/plugins/com.st.stm32cube.ide.mcu.externaltools.gnu-tools-for-stm32.12.3.rel1.win32_1.0.100.202403111256/tools/bin/../lib/gcc/arm-none-eabi/12.3.1/thumb/v7e-m+fp/hard/crtbegin.o

.ccmram         0x10000000        0x0 load address 0x08005c44
                0x10000000                        . = ALIGN (0x4)
                0x10000000                        _sccmram = .
 *(.ccmram)
 *(.ccmram*)
                0x10000000                        . = ALIGN (0x4)
                0x10000000                        _eccmram = .
                0x10000000                        . = ALIGN (0x4)

.bss            0x2000006c      0x2c0
                0x2000006c                        _sbss = .
                0x2000006c                        __bss_start__ = _sbss
 *(.bss)
 .bss           0x2000006c       0x1c C:/ST/STM32CubeIDE_1.13.2/STM32CubeIDE/plugins/com.st.stm32cube.ide.mcu.externaltools.gnu-tools-for-stm32.12.3.rel1.win32_1.0.100.202403111256/tools/bin/../lib/gcc/arm-none-eabi/12.3.1/thumb/v7e-m+fp/hard/crtbegin.o
 *(.bss*)
 .bss.UART2_rxBuffer
                0x20000088       0x14 ./Core/Src/main.o
                0x20000088                UART2_rxBuffer
 .bss.htim1     0x2000009c       0x4c ./Core/Src/tim.o
                0x2000009c                htim1
 .bss.htim2     0x200000e8       0x4c ./Core/Src/tim.o
                0x200000e8                htim2
 .bss.htim3     0x20000134       0x4c ./Core/Src/tim.o
                0x20000134                htim3
 .bss.htim4     0x20000180       0x4c ./Core/Src/tim.o
                0x20000180                htim4
 .bss.htim8     0x200001cc       0x4c ./Core/Src/tim.o
                0x200001cc                htim8
 .bss.huart1    0x20000218       0x88 ./Core/Src/usart.o
                0x20000218                huart1
 .bss.huart2    0x200002a0       0x88 ./Core/Src/usart.o
                0x200002a0                huart2
 .bss.uwTick    0x20000328        0x4 ./Drivers/STM32F3xx_HAL_Driver/Src/stm32f3xx_hal.o
                0x20000328                uwTick
 *(COMMON)
                0x2000032c                        . = ALIGN (0x4)
                0x2000032c                        _ebss = .
                0x2000032c                        __bss_end__ = _ebss

._user_heap_stack
                0x2000032c      0x604
                0x20000330                        . = ALIGN (0x8)
 *fill*         0x2000032c        0x4 
                [!provide]                        PROVIDE (end = .)
                0x20000330                        PROVIDE (_end = .)
                0x20000530                        . = (. + _Min_Heap_Size)
 *fill*         0x20000330      0x200 
                0x20000930                        . = (. + _Min_Stack_Size)
 *fill*         0x20000530      0x400 
                0x20000930                        . = ALIGN (0x8)

/DISCARD/
 libc.a(*)
 libm.a(*)
 libgcc.a(*)

.ARM.attributes
                0x00000000       0x30
 *(.ARM.attributes)
 .ARM.attributes
                0x00000000       0x22 C:/ST/STM32CubeIDE_1.13.2/STM32CubeIDE/plugins/com.st.stm32cube.ide.mcu.externaltools.gnu-tools-for-stm32.12.3.rel1.win32_1.0.100.202403111256/tools/bin/../lib/gcc/arm-none-eabi/12.3.1/thumb/v7e-m+fp/hard/crti.o
 .ARM.attributes
                0x00000022       0x34 C:/ST/STM32CubeIDE_1.13.2/STM32CubeIDE/plugins/com.st.stm32cube.ide.mcu.externaltools.gnu-tools-for-stm32.12.3.rel1.win32_1.0.100.202403111256/tools/bin/../lib/gcc/arm-none-eabi/12.3.1/thumb/v7e-m+fp/hard/crtbegin.o
 .ARM.attributes
                0x00000056       0x34 ./Common/Src/motors.o
 .ARM.attributes
                0x0000008a       0x34 ./Core/Src/gpio.o
 .ARM.attributes
                0x000000be       0x34 ./Core/Src/main.o
 .ARM.attributes
                0x000000f2       0x34 ./Core/Src/stm32f3xx_hal_msp.o
 .ARM.attributes
                0x00000126       0x34 ./Core/Src/stm32f3xx_it.o
 .ARM.attributes
                0x0000015a       0x34 ./Core/Src/system_stm32f3xx.o
 .ARM.attributes
                0x0000018e       0x34 ./Core/Src/tim.o
 .ARM.attributes
                0x000001c2       0x34 ./Core/Src/usart.o
 .ARM.attributes
                0x000001f6       0x21 ./Core/Startup/startup_stm32f303retx.o
 .ARM.attributes
                0x00000217       0x34 ./Drivers/STM32F3xx_HAL_Driver/Src/stm32f3xx_hal.o
 .ARM.attributes
                0x0000024b       0x34 ./Drivers/STM32F3xx_HAL_Driver/Src/stm32f3xx_hal_cortex.o
 .ARM.attributes
                0x0000027f       0x34 ./Drivers/STM32F3xx_HAL_Driver/Src/stm32f3xx_hal_dma.o
 .ARM.attributes
                0x000002b3       0x34 ./Drivers/STM32F3xx_HAL_Driver/Src/stm32f3xx_hal_gpio.o
 .ARM.attributes
                0x000002e7       0x34 ./Drivers/STM32F3xx_HAL_Driver/Src/stm32f3xx_hal_rcc.o
 .ARM.attributes
                0x0000031b       0x34 ./Drivers/STM32F3xx_HAL_Driver/Src/stm32f3xx_hal_rcc_ex.o
 .ARM.attributes
                0x0000034f       0x34 ./Drivers/STM32F3xx_HAL_Driver/Src/stm32f3xx_hal_tim.o
 .ARM.attributes
                0x00000383       0x34 ./Drivers/STM32F3xx_HAL_Driver/Src/stm32f3xx_hal_tim_ex.o
 .ARM.attributes
                0x000003b7       0x34 ./Drivers/STM32F3xx_HAL_Driver/Src/stm32f3xx_hal_uart.o
 .ARM.attributes
                0x000003eb       0x34 ./Drivers/STM32F3xx_HAL_Driver/Src/stm32f3xx_hal_uart_ex.o
 .ARM.attributes
                0x0000041f       0x34 C:/ST/STM32CubeIDE_1.13.2/STM32CubeIDE/plugins/com.st.stm32cube.ide.mcu.externaltools.gnu-tools-for-stm32.12.3.rel1.win32_1.0.100.202403111256/tools/bin/../lib/gcc/arm-none-eabi/12.3.1/../../../../arm-none-eabi/lib/thumb/v7e-m+fp/hard\libc_nano.a(libc_a-memset.o)
 .ARM.attributes
                0x00000453       0x34 C:/ST/STM32CubeIDE_1.13.2/STM32CubeIDE/plugins/com.st.stm32cube.ide.mcu.externaltools.gnu-tools-for-stm32.12.3.rel1.win32_1.0.100.202403111256/tools/bin/../lib/gcc/arm-none-eabi/12.3.1/../../../../arm-none-eabi/lib/thumb/v7e-m+fp/hard\libc_nano.a(libc_a-init.o)
 .ARM.attributes
                0x00000487       0x22 C:/ST/STM32CubeIDE_1.13.2/STM32CubeIDE/plugins/com.st.stm32cube.ide.mcu.externaltools.gnu-tools-for-stm32.12.3.rel1.win32_1.0.100.202403111256/tools/bin/../lib/gcc/arm-none-eabi/12.3.1/thumb/v7e-m+fp/hard/crtn.o
OUTPUT(STM32_Main.elf elf32-littlearm)
LOAD linker stubs
LOAD C:/ST/STM32CubeIDE_1.13.2/STM32CubeIDE/plugins/com.st.stm32cube.ide.mcu.externaltools.gnu-tools-for-stm32.12.3.rel1.win32_1.0.100.202403111256/tools/bin/../lib/gcc/arm-none-eabi/12.3.1/../../../../arm-none-eabi/lib/thumb/v7e-m+fp/hard\libc.a
LOAD C:/ST/STM32CubeIDE_1.13.2/STM32CubeIDE/plugins/com.st.stm32cube.ide.mcu.externaltools.gnu-tools-for-stm32.12.3.rel1.win32_1.0.100.202403111256/tools/bin/../lib/gcc/arm-none-eabi/12.3.1/../../../../arm-none-eabi/lib/thumb/v7e-m+fp/hard\libm.a
LOAD C:/ST/STM32CubeIDE_1.13.2/STM32CubeIDE/plugins/com.st.stm32cube.ide.mcu.externaltools.gnu-tools-for-stm32.12.3.rel1.win32_1.0.100.202403111256/tools/bin/../lib/gcc/arm-none-eabi/12.3.1/thumb/v7e-m+fp/hard\libgcc.a

.debug_info     0x00000000    0x10b31
 .debug_info    0x00000000      0x401 ./Common/Src/motors.o
 .debug_info    0x00000401      0x57a ./Core/Src/gpio.o
 .debug_info    0x0000097b     0x112e ./Core/Src/main.o
 .debug_info    0x00001aa9      0x1a0 ./Core/Src/stm32f3xx_hal_msp.o
 .debug_info    0x00001c49      0xb5c ./Core/Src/stm32f3xx_it.o
 .debug_info    0x000027a5      0x407 ./Core/Src/system_stm32f3xx.o
 .debug_info    0x00002bac      0xfc4 ./Core/Src/tim.o
 .debug_info    0x00003b70      0xbca ./Core/Src/usart.o
 .debug_info    0x0000473a       0x30 ./Core/Startup/startup_stm32f303retx.o
 .debug_info    0x0000476a      0x804 ./Drivers/STM32F3xx_HAL_Driver/Src/stm32f3xx_hal.o
 .debug_info    0x00004f6e      0xcdf ./Drivers/STM32F3xx_HAL_Driver/Src/stm32f3xx_hal_cortex.o
 .debug_info    0x00005c4d      0x6e1 ./Drivers/STM32F3xx_HAL_Driver/Src/stm32f3xx_hal_dma.o
 .debug_info    0x0000632e      0x6a6 ./Drivers/STM32F3xx_HAL_Driver/Src/stm32f3xx_hal_gpio.o
 .debug_info    0x000069d4     0x1501 ./Drivers/STM32F3xx_HAL_Driver/Src/stm32f3xx_hal_rcc.o
 .debug_info    0x00007ed5      0x663 ./Drivers/STM32F3xx_HAL_Driver/Src/stm32f3xx_hal_rcc_ex.o
 .debug_info    0x00008538     0x2a52 ./Drivers/STM32F3xx_HAL_Driver/Src/stm32f3xx_hal_tim.o
 .debug_info    0x0000af8a     0x156d ./Drivers/STM32F3xx_HAL_Driver/Src/stm32f3xx_hal_tim_ex.o
 .debug_info    0x0000c4f7     0x39a8 ./Drivers/STM32F3xx_HAL_Driver/Src/stm32f3xx_hal_uart.o
 .debug_info    0x0000fe9f      0xc92 ./Drivers/STM32F3xx_HAL_Driver/Src/stm32f3xx_hal_uart_ex.o

.debug_abbrev   0x00000000     0x2631
 .debug_abbrev  0x00000000      0x15d ./Common/Src/motors.o
 .debug_abbrev  0x0000015d      0x15a ./Core/Src/gpio.o
 .debug_abbrev  0x000002b7      0x27b ./Core/Src/main.o
 .debug_abbrev  0x00000532       0xe2 ./Core/Src/stm32f3xx_hal_msp.o
 .debug_abbrev  0x00000614      0x1b6 ./Core/Src/stm32f3xx_it.o
 .debug_abbrev  0x000007ca      0x11a ./Core/Src/system_stm32f3xx.o
 .debug_abbrev  0x000008e4      0x243 ./Core/Src/tim.o
 .debug_abbrev  0x00000b27      0x201 ./Core/Src/usart.o
 .debug_abbrev  0x00000d28       0x24 ./Core/Startup/startup_stm32f303retx.o
 .debug_abbrev  0x00000d4c      0x215 ./Drivers/STM32F3xx_HAL_Driver/Src/stm32f3xx_hal.o
 .debug_abbrev  0x00000f61      0x329 ./Drivers/STM32F3xx_HAL_Driver/Src/stm32f3xx_hal_cortex.o
 .debug_abbrev  0x0000128a      0x20d ./Drivers/STM32F3xx_HAL_Driver/Src/stm32f3xx_hal_dma.o
 .debug_abbrev  0x00001497      0x1ca ./Drivers/STM32F3xx_HAL_Driver/Src/stm32f3xx_hal_gpio.o
 .debug_abbrev  0x00001661      0x300 ./Drivers/STM32F3xx_HAL_Driver/Src/stm32f3xx_hal_rcc.o
 .debug_abbrev  0x00001961      0x245 ./Drivers/STM32F3xx_HAL_Driver/Src/stm32f3xx_hal_rcc_ex.o
 .debug_abbrev  0x00001ba6      0x278 ./Drivers/STM32F3xx_HAL_Driver/Src/stm32f3xx_hal_tim.o
 .debug_abbrev  0x00001e1e      0x283 ./Drivers/STM32F3xx_HAL_Driver/Src/stm32f3xx_hal_tim_ex.o
 .debug_abbrev  0x000020a1      0x2d1 ./Drivers/STM32F3xx_HAL_Driver/Src/stm32f3xx_hal_uart.o
 .debug_abbrev  0x00002372      0x2bf ./Drivers/STM32F3xx_HAL_Driver/Src/stm32f3xx_hal_uart_ex.o

.debug_aranges  0x00000000      0xdc0
 .debug_aranges
                0x00000000       0x28 ./Common/Src/motors.o
 .debug_aranges
                0x00000028       0x20 ./Core/Src/gpio.o
 .debug_aranges
                0x00000048       0x40 ./Core/Src/main.o
 .debug_aranges
                0x00000088       0x20 ./Core/Src/stm32f3xx_hal_msp.o
 .debug_aranges
                0x000000a8       0xb0 ./Core/Src/stm32f3xx_it.o
 .debug_aranges
                0x00000158       0x28 ./Core/Src/system_stm32f3xx.o
 .debug_aranges
                0x00000180       0x58 ./Core/Src/tim.o
 .debug_aranges
                0x000001d8       0x38 ./Core/Src/usart.o
 .debug_aranges
                0x00000210       0x28 ./Core/Startup/startup_stm32f303retx.o
 .debug_aranges
                0x00000238       0xe0 ./Drivers/STM32F3xx_HAL_Driver/Src/stm32f3xx_hal.o
 .debug_aranges
                0x00000318      0x118 ./Drivers/STM32F3xx_HAL_Driver/Src/stm32f3xx_hal_cortex.o
 .debug_aranges
                0x00000430       0x88 ./Drivers/STM32F3xx_HAL_Driver/Src/stm32f3xx_hal_dma.o
 .debug_aranges
                0x000004b8       0x58 ./Drivers/STM32F3xx_HAL_Driver/Src/stm32f3xx_hal_gpio.o
 .debug_aranges
                0x00000510       0x88 ./Drivers/STM32F3xx_HAL_Driver/Src/stm32f3xx_hal_rcc.o
 .debug_aranges
                0x00000598       0x38 ./Drivers/STM32F3xx_HAL_Driver/Src/stm32f3xx_hal_rcc_ex.o
 .debug_aranges
                0x000005d0      0x3e0 ./Drivers/STM32F3xx_HAL_Driver/Src/stm32f3xx_hal_tim.o
 .debug_aranges
                0x000009b0      0x178 ./Drivers/STM32F3xx_HAL_Driver/Src/stm32f3xx_hal_tim_ex.o
 .debug_aranges
                0x00000b28      0x228 ./Drivers/STM32F3xx_HAL_Driver/Src/stm32f3xx_hal_uart.o
 .debug_aranges
                0x00000d50       0x70 ./Drivers/STM32F3xx_HAL_Driver/Src/stm32f3xx_hal_uart_ex.o

.debug_rnglists
                0x00000000      0xaba
 .debug_rnglists
                0x00000000       0x19 ./Common/Src/motors.o
 .debug_rnglists
                0x00000019       0x14 ./Core/Src/gpio.o
 .debug_rnglists
                0x0000002d       0x2e ./Core/Src/main.o
 .debug_rnglists
                0x0000005b       0x13 ./Core/Src/stm32f3xx_hal_msp.o
 .debug_rnglists
                0x0000006e       0x7f ./Core/Src/stm32f3xx_it.o
 .debug_rnglists
                0x000000ed       0x1a ./Core/Src/system_stm32f3xx.o
 .debug_rnglists
                0x00000107       0x45 ./Core/Src/tim.o
 .debug_rnglists
                0x0000014c       0x26 ./Core/Src/usart.o
 .debug_rnglists
                0x00000172       0x19 ./Core/Startup/startup_stm32f303retx.o
 .debug_rnglists
                0x0000018b       0xa3 ./Drivers/STM32F3xx_HAL_Driver/Src/stm32f3xx_hal.o
 .debug_rnglists
                0x0000022e       0xce ./Drivers/STM32F3xx_HAL_Driver/Src/stm32f3xx_hal_cortex.o
 .debug_rnglists
                0x000002fc       0x69 ./Drivers/STM32F3xx_HAL_Driver/Src/stm32f3xx_hal_dma.o
 .debug_rnglists
                0x00000365       0x3f ./Drivers/STM32F3xx_HAL_Driver/Src/stm32f3xx_hal_gpio.o
 .debug_rnglists
                0x000003a4       0x66 ./Drivers/STM32F3xx_HAL_Driver/Src/stm32f3xx_hal_rcc.o
 .debug_rnglists
                0x0000040a       0x29 ./Drivers/STM32F3xx_HAL_Driver/Src/stm32f3xx_hal_rcc_ex.o
 .debug_rnglists
                0x00000433      0x328 ./Drivers/STM32F3xx_HAL_Driver/Src/stm32f3xx_hal_tim.o
 .debug_rnglists
                0x0000075b      0x131 ./Drivers/STM32F3xx_HAL_Driver/Src/stm32f3xx_hal_tim_ex.o
 .debug_rnglists
                0x0000088c      0x1da ./Drivers/STM32F3xx_HAL_Driver/Src/stm32f3xx_hal_uart.o
 .debug_rnglists
                0x00000a66       0x54 ./Drivers/STM32F3xx_HAL_Driver/Src/stm32f3xx_hal_uart_ex.o

.debug_macro    0x00000000    0x21476
 .debug_macro   0x00000000      0x1ff ./Common/Src/motors.o
 .debug_macro   0x000001ff      0xab4 ./Common/Src/motors.o
 .debug_macro   0x00000cb3      0x157 ./Common/Src/motors.o
 .debug_macro   0x00000e0a       0x2e ./Common/Src/motors.o
 .debug_macro   0x00000e38       0x28 ./Common/Src/motors.o
 .debug_macro   0x00000e60       0x22 ./Common/Src/motors.o
 .debug_macro   0x00000e82       0x8e ./Common/Src/motors.o
 .debug_macro   0x00000f10       0x51 ./Common/Src/motors.o
 .debug_macro   0x00000f61      0x103 ./Common/Src/motors.o
 .debug_macro   0x00001064       0x6a ./Common/Src/motors.o
 .debug_macro   0x000010ce      0x1df ./Common/Src/motors.o
 .debug_macro   0x000012ad       0x1c ./Common/Src/motors.o
 .debug_macro   0x000012c9       0x22 ./Common/Src/motors.o
 .debug_macro   0x000012eb       0xd9 ./Common/Src/motors.o
 .debug_macro   0x000013c4     0x102d ./Common/Src/motors.o
 .debug_macro   0x000023f1      0x11f ./Common/Src/motors.o
 .debug_macro   0x00002510    0x1535a ./Common/Src/motors.o
 .debug_macro   0x0001786a       0x6d ./Common/Src/motors.o
 .debug_macro   0x000178d7     0x3558 ./Common/Src/motors.o
 .debug_macro   0x0001ae2f      0x189 ./Common/Src/motors.o
 .debug_macro   0x0001afb8       0x55 ./Common/Src/motors.o
 .debug_macro   0x0001b00d      0x953 ./Common/Src/motors.o
 .debug_macro   0x0001b960      0x84a ./Common/Src/motors.o
 .debug_macro   0x0001c1aa      0x1b5 ./Common/Src/motors.o
 .debug_macro   0x0001c35f      0x23a ./Common/Src/motors.o
 .debug_macro   0x0001c599      0x1ea ./Common/Src/motors.o
 .debug_macro   0x0001c783      0x1bc ./Common/Src/motors.o
 .debug_macro   0x0001c93f       0x30 ./Common/Src/motors.o
 .debug_macro   0x0001c96f       0x3c ./Common/Src/motors.o
 .debug_macro   0x0001c9ab      0x235 ./Common/Src/motors.o
 .debug_macro   0x0001cbe0       0xc5 ./Common/Src/motors.o
 .debug_macro   0x0001cca5      0x21d ./Common/Src/motors.o
 .debug_macro   0x0001cec2      0x22c ./Common/Src/motors.o
 .debug_macro   0x0001d0ee       0x5b ./Common/Src/motors.o
 .debug_macro   0x0001d149       0xa5 ./Common/Src/motors.o
 .debug_macro   0x0001d1ee       0x81 ./Common/Src/motors.o
 .debug_macro   0x0001d26f       0xd3 ./Common/Src/motors.o
 .debug_macro   0x0001d342      0xa59 ./Common/Src/motors.o
 .debug_macro   0x0001dd9b       0xba ./Common/Src/motors.o
 .debug_macro   0x0001de55      0x5ba ./Common/Src/motors.o
 .debug_macro   0x0001e40f       0x44 ./Common/Src/motors.o
 .debug_macro   0x0001e453      0x347 ./Common/Src/motors.o
 .debug_macro   0x0001e79a      0x106 ./Common/Src/motors.o
 .debug_macro   0x0001e8a0       0x22 ./Common/Src/motors.o
 .debug_macro   0x0001e8c2      0x1f0 ./Core/Src/gpio.o
 .debug_macro   0x0001eab2      0x385 ./Core/Src/main.o
 .debug_macro   0x0001ee37       0x61 ./Core/Src/main.o
 .debug_macro   0x0001ee98       0x2a ./Core/Src/main.o
 .debug_macro   0x0001eec2       0x43 ./Core/Src/main.o
 .debug_macro   0x0001ef05       0x34 ./Core/Src/main.o
 .debug_macro   0x0001ef39       0x16 ./Core/Src/main.o
 .debug_macro   0x0001ef4f       0x43 ./Core/Src/main.o
 .debug_macro   0x0001ef92       0x34 ./Core/Src/main.o
 .debug_macro   0x0001efc6       0x10 ./Core/Src/main.o
 .debug_macro   0x0001efd6       0x58 ./Core/Src/main.o
 .debug_macro   0x0001f02e       0x8e ./Core/Src/main.o
 .debug_macro   0x0001f0bc       0x1c ./Core/Src/main.o
 .debug_macro   0x0001f0d8      0x177 ./Core/Src/main.o
 .debug_macro   0x0001f24f      0x369 ./Core/Src/main.o
 .debug_macro   0x0001f5b8       0x10 ./Core/Src/main.o
 .debug_macro   0x0001f5c8       0x35 ./Core/Src/main.o
 .debug_macro   0x0001f5fd       0x20 ./Core/Src/main.o
 .debug_macro   0x0001f61d       0x1c ./Core/Src/main.o
 .debug_macro   0x0001f639       0x10 ./Core/Src/main.o
 .debug_macro   0x0001f649       0x1c ./Core/Src/main.o
 .debug_macro   0x0001f665       0x16 ./Core/Src/main.o
 .debug_macro   0x0001f67b      0x146 ./Core/Src/main.o
 .debug_macro   0x0001f7c1       0x16 ./Core/Src/main.o
 .debug_macro   0x0001f7d7       0x16 ./Core/Src/main.o
 .debug_macro   0x0001f7ed       0x29 ./Core/Src/main.o
 .debug_macro   0x0001f816      0x1e6 ./Core/Src/stm32f3xx_hal_msp.o
 .debug_macro   0x0001f9fc      0x1f0 ./Core/Src/stm32f3xx_it.o
 .debug_macro   0x0001fbec      0x1d7 ./Core/Src/system_stm32f3xx.o
 .debug_macro   0x0001fdc3      0x1f0 ./Core/Src/tim.o
 .debug_macro   0x0001ffb3      0x1f0 ./Core/Src/usart.o
 .debug_macro   0x000201a3      0x1fb ./Drivers/STM32F3xx_HAL_Driver/Src/stm32f3xx_hal.o
 .debug_macro   0x0002039e      0x1d7 ./Drivers/STM32F3xx_HAL_Driver/Src/stm32f3xx_hal_cortex.o
 .debug_macro   0x00020575      0x1d7 ./Drivers/STM32F3xx_HAL_Driver/Src/stm32f3xx_hal_dma.o
 .debug_macro   0x0002074c      0x1de ./Drivers/STM32F3xx_HAL_Driver/Src/stm32f3xx_hal_gpio.o
 .debug_macro   0x0002092a      0x1fb ./Drivers/STM32F3xx_HAL_Driver/Src/stm32f3xx_hal_rcc.o
 .debug_macro   0x00020b25      0x1d7 ./Drivers/STM32F3xx_HAL_Driver/Src/stm32f3xx_hal_rcc_ex.o
 .debug_macro   0x00020cfc      0x1d8 ./Drivers/STM32F3xx_HAL_Driver/Src/stm32f3xx_hal_tim.o
 .debug_macro   0x00020ed4      0x1d7 ./Drivers/STM32F3xx_HAL_Driver/Src/stm32f3xx_hal_tim_ex.o
 .debug_macro   0x000210ab      0x1f4 ./Drivers/STM32F3xx_HAL_Driver/Src/stm32f3xx_hal_uart.o
 .debug_macro   0x0002129f      0x1d7 ./Drivers/STM32F3xx_HAL_Driver/Src/stm32f3xx_hal_uart_ex.o

.debug_line     0x00000000    0x13208
 .debug_line    0x00000000      0x7e8 ./Common/Src/motors.o
 .debug_line    0x000007e8      0x7b1 ./Core/Src/gpio.o
 .debug_line    0x00000f99      0xaf9 ./Core/Src/main.o
 .debug_line    0x00001a92      0x77a ./Core/Src/stm32f3xx_hal_msp.o
 .debug_line    0x0000220c      0x92c ./Core/Src/stm32f3xx_it.o
 .debug_line    0x00002b38      0x7f8 ./Core/Src/system_stm32f3xx.o
 .debug_line    0x00003330      0xb15 ./Core/Src/tim.o
 .debug_line    0x00003e45      0x85f ./Core/Src/usart.o
 .debug_line    0x000046a4       0x7a ./Core/Startup/startup_stm32f303retx.o
 .debug_line    0x0000471e      0xa2b ./Drivers/STM32F3xx_HAL_Driver/Src/stm32f3xx_hal.o
 .debug_line    0x00005149      0xcee ./Drivers/STM32F3xx_HAL_Driver/Src/stm32f3xx_hal_cortex.o
 .debug_line    0x00005e37      0xd37 ./Drivers/STM32F3xx_HAL_Driver/Src/stm32f3xx_hal_dma.o
 .debug_line    0x00006b6e      0xbca ./Drivers/STM32F3xx_HAL_Driver/Src/stm32f3xx_hal_gpio.o
 .debug_line    0x00007738     0x1417 ./Drivers/STM32F3xx_HAL_Driver/Src/stm32f3xx_hal_rcc.o
 .debug_line    0x00008b4f      0xf6a ./Drivers/STM32F3xx_HAL_Driver/Src/stm32f3xx_hal_rcc_ex.o
 .debug_line    0x00009ab9     0x3ee0 ./Drivers/STM32F3xx_HAL_Driver/Src/stm32f3xx_hal_tim.o
 .debug_line    0x0000d999     0x1b59 ./Drivers/STM32F3xx_HAL_Driver/Src/stm32f3xx_hal_tim_ex.o
 .debug_line    0x0000f4f2     0x3177 ./Drivers/STM32F3xx_HAL_Driver/Src/stm32f3xx_hal_uart.o
 .debug_line    0x00012669      0xb9f ./Drivers/STM32F3xx_HAL_Driver/Src/stm32f3xx_hal_uart_ex.o

.debug_str      0x00000000    0xca45e
 .debug_str     0x00000000    0xc2c58 ./Common/Src/motors.o
                              0xc335d (size before relaxing)
 .debug_str     0x000c2c58      0x454 ./Core/Src/gpio.o
                              0xc3797 (size before relaxing)
 .debug_str     0x000c30ac     0x444f ./Core/Src/main.o
                              0xc784c (size before relaxing)
 .debug_str     0x000c74fb       0x49 ./Core/Src/stm32f3xx_hal_msp.o
                              0xc321a (size before relaxing)
 .debug_str     0x000c7544      0x179 ./Core/Src/stm32f3xx_it.o
                              0xc3ac8 (size before relaxing)
 .debug_str     0x000c76bd       0xe9 ./Core/Src/system_stm32f3xx.o
                              0xc2e8b (size before relaxing)
 .debug_str     0x000c77a6      0x26b ./Core/Src/tim.o
                              0xc3f56 (size before relaxing)
 .debug_str     0x000c7a11       0x61 ./Core/Src/usart.o
                              0xc3c4e (size before relaxing)
 .debug_str     0x000c7a72       0x44 ./Core/Startup/startup_stm32f303retx.o
                                 0x89 (size before relaxing)
 .debug_str     0x000c7ab6      0x37a ./Drivers/STM32F3xx_HAL_Driver/Src/stm32f3xx_hal.o
                              0xc3734 (size before relaxing)
 .debug_str     0x000c7e30      0x345 ./Drivers/STM32F3xx_HAL_Driver/Src/stm32f3xx_hal_cortex.o
                              0xc3786 (size before relaxing)
 .debug_str     0x000c8175      0x248 ./Drivers/STM32F3xx_HAL_Driver/Src/stm32f3xx_hal_dma.o
                              0xc31d3 (size before relaxing)
 .debug_str     0x000c83bd      0x139 ./Drivers/STM32F3xx_HAL_Driver/Src/stm32f3xx_hal_gpio.o
                              0xc3070 (size before relaxing)
 .debug_str     0x000c84f6      0x2dd ./Drivers/STM32F3xx_HAL_Driver/Src/stm32f3xx_hal_rcc.o
                              0xc332f (size before relaxing)
 .debug_str     0x000c87d3       0xbe ./Drivers/STM32F3xx_HAL_Driver/Src/stm32f3xx_hal_rcc_ex.o
                              0xc3179 (size before relaxing)
 .debug_str     0x000c8891      0xde4 ./Drivers/STM32F3xx_HAL_Driver/Src/stm32f3xx_hal_tim.o
                              0xc42b2 (size before relaxing)
 .debug_str     0x000c9675      0x402 ./Drivers/STM32F3xx_HAL_Driver/Src/stm32f3xx_hal_tim_ex.o
                              0xc3b08 (size before relaxing)
 .debug_str     0x000c9a77      0x82f ./Drivers/STM32F3xx_HAL_Driver/Src/stm32f3xx_hal_uart.o
                              0xc3bae (size before relaxing)
 .debug_str     0x000ca2a6      0x1b8 ./Drivers/STM32F3xx_HAL_Driver/Src/stm32f3xx_hal_uart_ex.o
                              0xc34b3 (size before relaxing)

.comment        0x00000000       0x43
 .comment       0x00000000       0x43 ./Common/Src/motors.o
                                 0x44 (size before relaxing)
 .comment       0x00000043       0x44 ./Core/Src/gpio.o
 .comment       0x00000043       0x44 ./Core/Src/main.o
 .comment       0x00000043       0x44 ./Core/Src/stm32f3xx_hal_msp.o
 .comment       0x00000043       0x44 ./Core/Src/stm32f3xx_it.o
 .comment       0x00000043       0x44 ./Core/Src/system_stm32f3xx.o
 .comment       0x00000043       0x44 ./Core/Src/tim.o
 .comment       0x00000043       0x44 ./Core/Src/usart.o
 .comment       0x00000043       0x44 ./Drivers/STM32F3xx_HAL_Driver/Src/stm32f3xx_hal.o
 .comment       0x00000043       0x44 ./Drivers/STM32F3xx_HAL_Driver/Src/stm32f3xx_hal_cortex.o
 .comment       0x00000043       0x44 ./Drivers/STM32F3xx_HAL_Driver/Src/stm32f3xx_hal_dma.o
 .comment       0x00000043       0x44 ./Drivers/STM32F3xx_HAL_Driver/Src/stm32f3xx_hal_gpio.o
 .comment       0x00000043       0x44 ./Drivers/STM32F3xx_HAL_Driver/Src/stm32f3xx_hal_rcc.o
 .comment       0x00000043       0x44 ./Drivers/STM32F3xx_HAL_Driver/Src/stm32f3xx_hal_rcc_ex.o
 .comment       0x00000043       0x44 ./Drivers/STM32F3xx_HAL_Driver/Src/stm32f3xx_hal_tim.o
 .comment       0x00000043       0x44 ./Drivers/STM32F3xx_HAL_Driver/Src/stm32f3xx_hal_tim_ex.o
 .comment       0x00000043       0x44 ./Drivers/STM32F3xx_HAL_Driver/Src/stm32f3xx_hal_uart.o
 .comment       0x00000043       0x44 ./Drivers/STM32F3xx_HAL_Driver/Src/stm32f3xx_hal_uart_ex.o

.debug_frame    0x00000000     0x3838
 .debug_frame   0x00000000       0x5c ./Common/Src/motors.o
 .debug_frame   0x0000005c       0x34 ./Core/Src/gpio.o
 .debug_frame   0x00000090       0xb4 ./Core/Src/main.o
 .debug_frame   0x00000144       0x34 ./Core/Src/stm32f3xx_hal_msp.o
 .debug_frame   0x00000178      0x21c ./Core/Src/stm32f3xx_it.o
 .debug_frame   0x00000394       0x58 ./Core/Src/system_stm32f3xx.o
 .debug_frame   0x000003ec      0x130 ./Core/Src/tim.o
 .debug_frame   0x0000051c       0x90 ./Core/Src/usart.o
 .debug_frame   0x000005ac      0x334 ./Drivers/STM32F3xx_HAL_Driver/Src/stm32f3xx_hal.o
 .debug_frame   0x000008e0      0x498 ./Drivers/STM32F3xx_HAL_Driver/Src/stm32f3xx_hal_cortex.o
 .debug_frame   0x00000d78      0x224 ./Drivers/STM32F3xx_HAL_Driver/Src/stm32f3xx_hal_dma.o
 .debug_frame   0x00000f9c      0x14c ./Drivers/STM32F3xx_HAL_Driver/Src/stm32f3xx_hal_gpio.o
 .debug_frame   0x000010e8      0x214 ./Drivers/STM32F3xx_HAL_Driver/Src/stm32f3xx_hal_rcc.o
 .debug_frame   0x000012fc       0xb0 ./Drivers/STM32F3xx_HAL_Driver/Src/stm32f3xx_hal_rcc_ex.o
 .debug_frame   0x000013ac     0x121c ./Drivers/STM32F3xx_HAL_Driver/Src/stm32f3xx_hal_tim.o
 .debug_frame   0x000025c8      0x688 ./Drivers/STM32F3xx_HAL_Driver/Src/stm32f3xx_hal_tim_ex.o
 .debug_frame   0x00002c50      0x9e8 ./Drivers/STM32F3xx_HAL_Driver/Src/stm32f3xx_hal_uart.o
 .debug_frame   0x00003638      0x1b4 ./Drivers/STM32F3xx_HAL_Driver/Src/stm32f3xx_hal_uart_ex.o
 .debug_frame   0x000037ec       0x20 C:/ST/STM32CubeIDE_1.13.2/STM32CubeIDE/plugins/com.st.stm32cube.ide.mcu.externaltools.gnu-tools-for-stm32.12.3.rel1.win32_1.0.100.202403111256/tools/bin/../lib/gcc/arm-none-eabi/12.3.1/../../../../arm-none-eabi/lib/thumb/v7e-m+fp/hard\libc_nano.a(libc_a-memset.o)
 .debug_frame   0x0000380c       0x2c C:/ST/STM32CubeIDE_1.13.2/STM32CubeIDE/plugins/com.st.stm32cube.ide.mcu.externaltools.gnu-tools-for-stm32.12.3.rel1.win32_1.0.100.202403111256/tools/bin/../lib/gcc/arm-none-eabi/12.3.1/../../../../arm-none-eabi/lib/thumb/v7e-m+fp/hard\libc_nano.a(libc_a-init.o)

.debug_line_str
                0x00000000       0x6d
 .debug_line_str
                0x00000000       0x6d ./Core/Startup/startup_stm32f303retx.o
